../Core/Src/main.c:94:6:Init	16	static
../Core/Src/main.c:155:6:_Init_7Seg	8	static
../Core/Src/main.c:167:6:_Init_Motor	8	static
../Core/Src/main.c:183:6:_Init_Switch	8	static
../Core/Src/main.c:195:6:_Init_Console	8	static
../Core/Src/main.c:201:6:_Init_RotaryEncoder	8	static
../Core/Src/main.c:214:6:_Init_PID	8	static
../Core/Src/main.c:224:6:_Init_CAN	16	static
../Core/Src/main.c:242:9:DeriveUpper2digits	24	static
../Core/Src/main.c:259:6:CommandIdentification	64	static
../Core/Src/main.c:387:6:PID_MotorControl	16	static
../Core/Src/main.c:435:6:HAL_CAN_RxFifo0MsgPendingCallback	16	static
../Core/Src/main.c:452:5:main	40	static
../Core/Src/main.c:630:6:SystemClock_Config	96	static
../Core/Src/main.c:677:13:MX_CAN_Init	8	static
../Core/Src/main.c:714:13:MX_TIM1_Init	40	static
../Core/Src/main.c:761:13:MX_TIM2_Init	64	static
../Core/Src/main.c:820:13:MX_TIM3_Init	64	static
../Core/Src/main.c:879:13:MX_USART1_UART_Init	8	static
../Core/Src/main.c:914:13:MX_USART2_UART_Init	8	static
../Core/Src/main.c:949:13:MX_GPIO_Init	40	static
../Core/Src/main.c:1000:6:Error_Handler	4	static,ignoring_inline_asm
