../Core/Src/main.c:75:6:Init	16	static
../Core/Src/main.c:131:6:_Init_7Seg	8	static
../Core/Src/main.c:143:6:_Init_Motor	8	static
../Core/Src/main.c:159:6:_Init_Switch	8	static
../Core/Src/main.c:171:6:_Init_Console	8	static
../Core/Src/main.c:177:6:_Init_RotaryEncoder	8	static
../Core/Src/main.c:190:6:_Init_PID	8	static
../Core/Src/main.c:204:6:HAL_CAN_RxFifo0MsgPendingCallback	16	static
../Core/Src/main.c:221:5:main	88	static
../Core/Src/main.c:369:6:SystemClock_Config	96	static
../Core/Src/main.c:416:13:MX_CAN_Init	8	static
../Core/Src/main.c:453:13:MX_TIM1_Init	40	static
../Core/Src/main.c:500:13:MX_TIM2_Init	64	static
../Core/Src/main.c:559:13:MX_TIM3_Init	64	static
../Core/Src/main.c:618:13:MX_USART1_UART_Init	8	static
../Core/Src/main.c:653:13:MX_USART2_UART_Init	8	static
../Core/Src/main.c:688:13:MX_GPIO_Init	40	static
../Core/Src/main.c:739:6:Error_Handler	4	static,ignoring_inline_asm
