../Core/Src/main.c:77:6:Init	1
../Core/Src/main.c:135:6:_Init_7Seg	1
../Core/Src/main.c:147:6:_Init_Motor	1
../Core/Src/main.c:163:6:_Init_Switch	1
../Core/Src/main.c:175:6:_Init_Console	1
../Core/Src/main.c:181:6:_Init_RotaryEncoder	1
../Core/Src/main.c:194:6:_Init_PID	1
../Core/Src/main.c:208:6:HAL_CAN_RxFifo0MsgPendingCallback	2
../Core/Src/main.c:226:5:main	5
../Core/Src/main.c:376:6:SystemClock_Config	4
../Core/Src/main.c:423:13:MX_CAN_Init	2
../Core/Src/main.c:460:13:MX_TIM1_Init	4
../Core/Src/main.c:507:13:MX_TIM2_Init	6
../Core/Src/main.c:566:13:MX_TIM3_Init	6
../Core/Src/main.c:625:13:MX_USART1_UART_Init	2
../Core/Src/main.c:660:13:MX_USART2_UART_Init	2
../Core/Src/main.c:695:13:MX_GPIO_Init	1
../Core/Src/main.c:746:6:Error_Handler	1
