../Core/Src/main.c:96:6:Init	16	static
../Core/Src/main.c:157:6:_Init_7Seg	8	static
../Core/Src/main.c:169:6:_Init_Motor	8	static
../Core/Src/main.c:185:6:_Init_Switch	8	static
../Core/Src/main.c:197:6:_Init_Console	8	static
../Core/Src/main.c:203:6:_Init_RotaryEncoder	8	static
../Core/Src/main.c:216:6:_Init_PID	8	static
../Core/Src/main.c:226:6:_Init_CAN	16	static
../Core/Src/main.c:244:9:DeriveUpper2digits	24	static
../Core/Src/main.c:261:6:CommandIdentification	64	static
../Core/Src/main.c:399:6:PID_MotorControl	16	static
../Core/Src/main.c:456:6:HAL_CAN_RxFifo0MsgPendingCallback	16	static
../Core/Src/main.c:473:5:main	16	static
../Core/Src/main.c:570:6:SystemClock_Config	96	static
../Core/Src/main.c:617:13:MX_CAN_Init	8	static
../Core/Src/main.c:654:13:MX_TIM1_Init	40	static
../Core/Src/main.c:701:13:MX_TIM2_Init	64	static
../Core/Src/main.c:760:13:MX_TIM3_Init	64	static
../Core/Src/main.c:819:13:MX_USART1_UART_Init	8	static
../Core/Src/main.c:854:13:MX_USART2_UART_Init	8	static
../Core/Src/main.c:889:13:MX_GPIO_Init	40	static
../Core/Src/main.c:940:6:Error_Handler	4	static,ignoring_inline_asm
