../Core/Src/main.c:73:6:Init	16	static
../Core/Src/main.c:144:6:_Init_7Seg	8	static
../Core/Src/main.c:156:6:_Init_Motor	8	static
../Core/Src/main.c:172:6:_Init_Switch	8	static
../Core/Src/main.c:194:5:main	144	static
../Core/Src/main.c:255:6:SystemClock_Config	96	static
../Core/Src/main.c:302:13:MX_CAN_Init	8	static
../Core/Src/main.c:339:13:MX_TIM1_Init	40	static
../Core/Src/main.c:386:13:MX_TIM2_Init	64	static
../Core/Src/main.c:445:13:MX_TIM3_Init	64	static
../Core/Src/main.c:504:13:MX_TIM15_Init	40	static
../Core/Src/main.c:550:13:MX_USART1_UART_Init	8	static
../Core/Src/main.c:585:13:MX_USART2_UART_Init	8	static
../Core/Src/main.c:620:13:MX_GPIO_Init	40	static
../Core/Src/main.c:671:6:Error_Handler	4	static,ignoring_inline_asm
