../Core/Src/main.c:75:6:Init	16	static
../Core/Src/main.c:131:6:_Init_7Seg	8	static
../Core/Src/main.c:143:6:_Init_Motor	8	static
../Core/Src/main.c:159:6:_Init_Switch	8	static
../Core/Src/main.c:171:6:_Init_Console	8	static
../Core/Src/main.c:177:6:_Init_RotaryEncoder	8	static
../Core/Src/main.c:190:6:_Init_PID	8	static
../Core/Src/main.c:210:5:main	56	static
../Core/Src/main.c:319:6:SystemClock_Config	96	static
../Core/Src/main.c:366:13:MX_CAN_Init	8	static
../Core/Src/main.c:403:13:MX_TIM1_Init	40	static
../Core/Src/main.c:450:13:MX_TIM2_Init	64	static
../Core/Src/main.c:509:13:MX_TIM3_Init	64	static
../Core/Src/main.c:568:13:MX_USART1_UART_Init	8	static
../Core/Src/main.c:603:13:MX_USART2_UART_Init	8	static
../Core/Src/main.c:638:13:MX_GPIO_Init	40	static
../Core/Src/main.c:689:6:Error_Handler	4	static,ignoring_inline_asm
