../Core/Src/main.c:75:6:Init	16	static
../Core/Src/main.c:128:6:_Init_7Seg	8	static
../Core/Src/main.c:140:6:_Init_Motor	8	static
../Core/Src/main.c:156:6:_Init_Switch	8	static
../Core/Src/main.c:168:6:_Init_Console	8	static
../Core/Src/main.c:174:6:_Init_RotaryEncoder	8	static
../Core/Src/main.c:197:5:main	16	static
../Core/Src/main.c:309:6:SystemClock_Config	96	static
../Core/Src/main.c:356:13:MX_CAN_Init	8	static
../Core/Src/main.c:393:13:MX_TIM1_Init	40	static
../Core/Src/main.c:440:13:MX_TIM2_Init	64	static
../Core/Src/main.c:499:13:MX_TIM3_Init	64	static
../Core/Src/main.c:558:13:MX_TIM15_Init	40	static
../Core/Src/main.c:604:13:MX_USART1_UART_Init	8	static
../Core/Src/main.c:639:13:MX_USART2_UART_Init	8	static
../Core/Src/main.c:674:13:MX_GPIO_Init	40	static
../Core/Src/main.c:725:6:Error_Handler	4	static,ignoring_inline_asm
