../Core/Src/main.c:104:6:Init	16	static
../Core/Src/main.c:165:6:_Init_7Seg	8	static
../Core/Src/main.c:177:6:_Init_Motor	8	static
../Core/Src/main.c:193:6:_Init_Switch	8	static
../Core/Src/main.c:205:6:_Init_Console	8	static
../Core/Src/main.c:211:6:_Init_RotaryEncoder	8	static
../Core/Src/main.c:224:6:_Init_PID	8	static
../Core/Src/main.c:234:6:_Init_CAN	16	static
../Core/Src/main.c:252:9:DeriveUpper2digits	24	static
../Core/Src/main.c:269:6:CommandIdentification	64	static
../Core/Src/main.c:412:6:PID_MotorControl	16	static
../Core/Src/main.c:460:10:_Motor_Amplitude_Optimization	24	static
../Core/Src/main.c:465:10:_Re_Motor_Amplitude_Optimization	24	static
../Core/Src/main.c:470:6:Motor_SetSpeed	16	static
../Core/Src/main.c:506:6:HAL_CAN_RxFifo0MsgPendingCallback	16	static
../Core/Src/main.c:523:5:main	16	static
../Core/Src/main.c:629:6:SystemClock_Config	96	static
../Core/Src/main.c:676:13:MX_CAN_Init	8	static
../Core/Src/main.c:713:13:MX_TIM1_Init	40	static
../Core/Src/main.c:760:13:MX_TIM2_Init	64	static
../Core/Src/main.c:819:13:MX_TIM3_Init	64	static
../Core/Src/main.c:878:13:MX_USART1_UART_Init	8	static
../Core/Src/main.c:913:13:MX_USART2_UART_Init	8	static
../Core/Src/main.c:948:13:MX_GPIO_Init	40	static
../Core/Src/main.c:999:6:Error_Handler	4	static,ignoring_inline_asm
