../Core/Src/main.c:66:6:Init	8	static
../Core/Src/main.c:74:6:_Init_7Seg	8	static
../Core/Src/main.c:86:6:_Init_Motor	8	static
../Core/Src/main.c:110:5:main	8	static
../Core/Src/main.c:162:6:SystemClock_Config	96	static
../Core/Src/main.c:208:13:MX_CAN_Init	8	static
../Core/Src/main.c:245:13:MX_TIM2_Init	64	static
../Core/Src/main.c:304:13:MX_TIM3_Init	64	static
../Core/Src/main.c:363:13:MX_USART1_UART_Init	8	static
../Core/Src/main.c:398:13:MX_USART2_UART_Init	8	static
../Core/Src/main.c:433:13:MX_GPIO_Init	40	static
../Core/Src/main.c:484:6:Error_Handler	4	static,ignoring_inline_asm
