../Core/Src/main.c:73:6:Init	16	static
../Core/Src/main.c:117:6:_Init_7Seg	8	static
../Core/Src/main.c:129:6:_Init_Motor	8	static
../Core/Src/main.c:145:6:_Init_Switch	8	static
../Core/Src/main.c:167:5:main	144	static
../Core/Src/main.c:228:6:SystemClock_Config	96	static
../Core/Src/main.c:275:13:MX_CAN_Init	8	static
../Core/Src/main.c:312:13:MX_TIM1_Init	40	static
../Core/Src/main.c:359:13:MX_TIM2_Init	64	static
../Core/Src/main.c:418:13:MX_TIM3_Init	64	static
../Core/Src/main.c:477:13:MX_TIM15_Init	40	static
../Core/Src/main.c:523:13:MX_USART1_UART_Init	8	static
../Core/Src/main.c:558:13:MX_USART2_UART_Init	8	static
../Core/Src/main.c:593:13:MX_GPIO_Init	40	static
../Core/Src/main.c:644:6:Error_Handler	4	static,ignoring_inline_asm
