../Core/Src/main.c:73:6:Init	16	static
../Core/Src/main.c:126:6:_Init_7Seg	8	static
../Core/Src/main.c:138:6:_Init_Motor	8	static
../Core/Src/main.c:154:6:_Init_Switch	8	static
../Core/Src/main.c:166:6:_Init_Console	8	static
../Core/Src/main.c:172:6:_Init_RotaryEncoder	8	static
../Core/Src/main.c:195:5:main	24	static
../Core/Src/main.c:270:6:SystemClock_Config	96	static
../Core/Src/main.c:317:13:MX_CAN_Init	8	static
../Core/Src/main.c:354:13:MX_TIM1_Init	40	static
../Core/Src/main.c:401:13:MX_TIM2_Init	64	static
../Core/Src/main.c:460:13:MX_TIM3_Init	64	static
../Core/Src/main.c:519:13:MX_USART1_UART_Init	8	static
../Core/Src/main.c:554:13:MX_USART2_UART_Init	8	static
../Core/Src/main.c:589:13:MX_GPIO_Init	40	static
../Core/Src/main.c:640:6:Error_Handler	4	static,ignoring_inline_asm
