../Core/Src/main.c:100:6:Init	1
../Core/Src/main.c:161:6:_Init_7Seg	1
../Core/Src/main.c:173:6:_Init_Motor	1
../Core/Src/main.c:189:6:_Init_Switch	1
../Core/Src/main.c:201:6:_Init_Console	1
../Core/Src/main.c:207:6:_Init_RotaryEncoder	1
../Core/Src/main.c:220:6:_Init_PID	1
../Core/Src/main.c:230:6:_Init_CAN	1
../Core/Src/main.c:248:9:DeriveUpper2digits	5
../Core/Src/main.c:265:6:CommandIdentification	45
../Core/Src/main.c:403:6:PID_MotorControl	12
../Core/Src/main.c:451:10:_Motor_Amplitude_Optimization	1
../Core/Src/main.c:456:6:Motor_SetSpeed	6
../Core/Src/main.c:493:6:HAL_CAN_RxFifo0MsgPendingCallback	2
../Core/Src/main.c:510:5:main	11
../Core/Src/main.c:614:6:SystemClock_Config	4
../Core/Src/main.c:661:13:MX_CAN_Init	2
../Core/Src/main.c:698:13:MX_TIM1_Init	4
../Core/Src/main.c:745:13:MX_TIM2_Init	6
../Core/Src/main.c:804:13:MX_TIM3_Init	6
../Core/Src/main.c:863:13:MX_USART1_UART_Init	2
../Core/Src/main.c:898:13:MX_USART2_UART_Init	2
../Core/Src/main.c:933:13:MX_GPIO_Init	1
../Core/Src/main.c:984:6:Error_Handler	1
