../Core/Src/main.c:100:6:Init	16	static
../Core/Src/main.c:161:6:_Init_7Seg	8	static
../Core/Src/main.c:173:6:_Init_Motor	8	static
../Core/Src/main.c:189:6:_Init_Switch	8	static
../Core/Src/main.c:201:6:_Init_Console	8	static
../Core/Src/main.c:207:6:_Init_RotaryEncoder	8	static
../Core/Src/main.c:220:6:_Init_PID	8	static
../Core/Src/main.c:230:6:_Init_CAN	16	static
../Core/Src/main.c:248:9:DeriveUpper2digits	24	static
../Core/Src/main.c:265:6:CommandIdentification	64	static
../Core/Src/main.c:403:6:PID_MotorControl	16	static
../Core/Src/main.c:451:10:_Motor_Amplitude_Optimization	24	static
../Core/Src/main.c:456:6:Motor_SetSpeed	16	static
../Core/Src/main.c:493:6:HAL_CAN_RxFifo0MsgPendingCallback	16	static
../Core/Src/main.c:510:5:main	16	static
../Core/Src/main.c:614:6:SystemClock_Config	96	static
../Core/Src/main.c:661:13:MX_CAN_Init	8	static
../Core/Src/main.c:698:13:MX_TIM1_Init	40	static
../Core/Src/main.c:745:13:MX_TIM2_Init	64	static
../Core/Src/main.c:804:13:MX_TIM3_Init	64	static
../Core/Src/main.c:863:13:MX_USART1_UART_Init	8	static
../Core/Src/main.c:898:13:MX_USART2_UART_Init	8	static
../Core/Src/main.c:933:13:MX_GPIO_Init	40	static
../Core/Src/main.c:984:6:Error_Handler	4	static,ignoring_inline_asm
