../Core/Src/main.c:79:6:Init	16	static
../Core/Src/main.c:140:6:_Init_7Seg	8	static
../Core/Src/main.c:152:6:_Init_Motor	8	static
../Core/Src/main.c:168:6:_Init_Switch	8	static
../Core/Src/main.c:180:6:_Init_Console	8	static
../Core/Src/main.c:186:6:_Init_RotaryEncoder	8	static
../Core/Src/main.c:199:6:_Init_PID	8	static
../Core/Src/main.c:209:6:_Init_CAN	16	static
../Core/Src/main.c:231:6:HAL_CAN_RxFifo0MsgPendingCallback	16	static
../Core/Src/main.c:249:5:main	40	static
../Core/Src/main.c:382:6:SystemClock_Config	96	static
../Core/Src/main.c:429:13:MX_CAN_Init	8	static
../Core/Src/main.c:466:13:MX_TIM1_Init	40	static
../Core/Src/main.c:513:13:MX_TIM2_Init	64	static
../Core/Src/main.c:572:13:MX_TIM3_Init	64	static
../Core/Src/main.c:631:13:MX_USART1_UART_Init	8	static
../Core/Src/main.c:666:13:MX_USART2_UART_Init	8	static
../Core/Src/main.c:701:13:MX_GPIO_Init	40	static
../Core/Src/main.c:752:6:Error_Handler	4	static,ignoring_inline_asm
