../Core/Src/main.c:64:6:Init_7Seg	32	static
../Core/Src/main.c:88:5:main	8	static
../Core/Src/main.c:141:6:SystemClock_Config	96	static
../Core/Src/main.c:185:13:MX_CAN_Init	8	static
../Core/Src/main.c:222:13:MX_TIM2_Init	64	static
../Core/Src/main.c:281:13:MX_TIM3_Init	64	static
../Core/Src/main.c:340:13:MX_USART1_UART_Init	8	static
../Core/Src/main.c:375:13:MX_USART2_UART_Init	8	static
../Core/Src/main.c:410:13:MX_GPIO_Init	40	static
../Core/Src/main.c:461:6:Error_Handler	4	static,ignoring_inline_asm
