../Core/Src/main.c:91:6:Init	16	static
../Core/Src/main.c:152:6:_Init_7Seg	8	static
../Core/Src/main.c:164:6:_Init_Motor	8	static
../Core/Src/main.c:180:6:_Init_Switch	8	static
../Core/Src/main.c:192:6:_Init_Console	8	static
../Core/Src/main.c:198:6:_Init_RotaryEncoder	8	static
../Core/Src/main.c:211:6:_Init_PID	8	static
../Core/Src/main.c:221:6:_Init_CAN	16	static
../Core/Src/main.c:239:6:CommandIdentification	24	static
../Core/Src/main.c:276:6:PID_MotorControl	16	static
../Core/Src/main.c:324:6:HAL_CAN_RxFifo0MsgPendingCallback	16	static
../Core/Src/main.c:341:5:main	32	static
../Core/Src/main.c:519:6:SystemClock_Config	96	static
../Core/Src/main.c:566:13:MX_CAN_Init	8	static
../Core/Src/main.c:603:13:MX_TIM1_Init	40	static
../Core/Src/main.c:650:13:MX_TIM2_Init	64	static
../Core/Src/main.c:709:13:MX_TIM3_Init	64	static
../Core/Src/main.c:768:13:MX_USART1_UART_Init	8	static
../Core/Src/main.c:803:13:MX_USART2_UART_Init	8	static
../Core/Src/main.c:838:13:MX_GPIO_Init	40	static
../Core/Src/main.c:889:6:Error_Handler	4	static,ignoring_inline_asm
