../Core/Src/main.c:74:6:Init	16	static
../Core/Src/main.c:124:6:_Init_7Seg	8	static
../Core/Src/main.c:136:6:_Init_Motor	8	static
../Core/Src/main.c:152:6:_Init_Switch	8	static
../Core/Src/main.c:164:6:_Init_Console	8	static
../Core/Src/main.c:180:5:main	8	static
../Core/Src/main.c:239:6:SystemClock_Config	96	static
../Core/Src/main.c:286:13:MX_CAN_Init	8	static
../Core/Src/main.c:323:13:MX_TIM1_Init	40	static
../Core/Src/main.c:370:13:MX_TIM2_Init	64	static
../Core/Src/main.c:429:13:MX_TIM3_Init	64	static
../Core/Src/main.c:488:13:MX_TIM15_Init	40	static
../Core/Src/main.c:534:13:MX_USART1_UART_Init	8	static
../Core/Src/main.c:569:13:MX_USART2_UART_Init	8	static
../Core/Src/main.c:604:13:MX_GPIO_Init	40	static
../Core/Src/main.c:655:6:Error_Handler	4	static,ignoring_inline_asm
