../Core/Src/main.c:66:6:Init	8	static
../Core/Src/main.c:94:6:_Init_7Seg	8	static
../Core/Src/main.c:106:6:_Init_Motor	8	static
../Core/Src/main.c:130:5:main	8	static
../Core/Src/main.c:182:6:SystemClock_Config	96	static
../Core/Src/main.c:228:13:MX_CAN_Init	8	static
../Core/Src/main.c:265:13:MX_TIM2_Init	64	static
../Core/Src/main.c:324:13:MX_TIM3_Init	64	static
../Core/Src/main.c:383:13:MX_USART1_UART_Init	8	static
../Core/Src/main.c:418:13:MX_USART2_UART_Init	8	static
../Core/Src/main.c:453:13:MX_GPIO_Init	40	static
../Core/Src/main.c:504:6:Error_Handler	4	static,ignoring_inline_asm
